Username,Identifier,First name,Last name
booker12,9012,**redacted**,**redacted**
grey07,2070,**redacted**,**redacted**
johnson81,4081,**redacted**,**redacted**
jenkins46,9346,**redacted**,**redacted**
smith79,5079,**redacted**,**redacted**
