[
  "**redacted**",
  false,
  true,
  null,
  "test",
  {
    "name": "John",
    "array": [
      "test",
      "test2"
    ]
  }
]