{
    "array": [
        {
            "test": "test",
            "test2": "test2",
            "test3": "test3"  
        },
        {
            "test": "test",
            "test2": "test2",
            "test3": "test3" 
        },
        {
            "test": "test",
            "test2": "test2" 
        },
        {
            "test": "test",
            "test3": "test3" 
        },
        {
            "test2": "test2",
            "test3": "test3" 
        }
    ]
}