[
  1,
  false,
  true,
  null,
  "test",
  {
    "name": "John",
    "array": "**redacted**"
  }
]