[
  1,
  false,
  true,
  null,
  "test",
  "**redacted**"
]